[15:09:06] [main/INFO] (Launcher) ModLauncher running: args [--launchTarget, forgeclientuserdev, --version, MOD_DEV, --assetIndex, 1.20.1-5, --assetsDir, C:\Users\MECHREVO\.gradle\caches\fabric-loom\assets, --gameDir, ., --fml.forgeVersion, 47.3.0, --fml.mcVersion, 1.20.1, --fml.forgeGroup, net.minecraftforge, --fml.mcpVersion, 20230612.114412, -mixin.config, fetoemc.mixins.json, --username, Player1]
[15:09:06] [main/INFO] (Launcher) ModLauncher 10.0.9+10.0.9+main.dcd20f30 starting: java version 17.0.12 by Oracle Corporation; OS Windows 11 arch amd64 version 10.0
[15:09:06] [main/INFO] (ImmediateWindowHandler) Loading ImmediateWindowProvider fmlearlywindow
[15:09:06] [main/INFO] (EARLYDISPLAY) Trying GL version 4.6
[15:09:06] [main/INFO] (EARLYDISPLAY) Requested GL version 4.6 got version 4.6
[15:09:06] [main/INFO] (mixin) SpongePowered MIXIN Subsystem Version=0.8.5 Source=union:/C:/Users/MECHREVO/.gradle/caches/modules-2/files-2.1/dev.architectury/mixin-patched/0.8.5.12/cf1f787f58d3b08b0cb53ecbba7928c09a1893c8/mixin-patched-0.8.5.12.jar%23129!/ Service=ModLauncher Env=CLIENT
[15:09:06] [pool-5-thread-1/INFO] (EARLYDISPLAY) GL info: NVIDIA GeForce RTX 5060 Laptop GPU/PCIe/SSE2 GL version 4.6.0 NVIDIA 591.86, NVIDIA Corporation
[15:09:06] [main/WARN] (ModFileParser) Mod file C:\Users\MECHREVO\.gradle\caches\modules-2\files-2.1\net.minecraftforge\javafmllanguage\1.20.1-47.3.0\d7ebc62120f202109e300e084ca1a31a7b946a62\javafmllanguage-1.20.1-47.3.0.jar is missing mods.toml file
[15:09:06] [main/WARN] (ModFileParser) Mod file C:\Users\MECHREVO\.gradle\caches\modules-2\files-2.1\net.minecraftforge\lowcodelanguage\1.20.1-47.3.0\1bf3e845ea0ce750096da8c71c8364b188ab74d4\lowcodelanguage-1.20.1-47.3.0.jar is missing mods.toml file
[15:09:06] [main/WARN] (ModFileParser) Mod file C:\Users\MECHREVO\.gradle\caches\modules-2\files-2.1\net.minecraftforge\mclanguage\1.20.1-47.3.0\6093682e943ddccbabf70539319d7f2fe64db2e7\mclanguage-1.20.1-47.3.0.jar is missing mods.toml file
[15:09:06] [main/WARN] (ModFileParser) Mod file C:\Users\MECHREVO\.gradle\caches\modules-2\files-2.1\net.minecraftforge\fmlcore\1.20.1-47.3.0\3b6be96aba3e323f3c918e8ef6a96312d82d76ad\fmlcore-1.20.1-47.3.0.jar is missing mods.toml file
[15:09:06] [main/INFO] (ModDiscoverer) Found mod file javafmllanguage-1.20.1-47.3.0.jar of type LANGPROVIDER with provider net.minecraftforge.fml.loading.moddiscovery.MinecraftLocator@62fee9c3
[15:09:06] [main/INFO] (ModDiscoverer) Found mod file lowcodelanguage-1.20.1-47.3.0.jar of type LANGPROVIDER with provider net.minecraftforge.fml.loading.moddiscovery.MinecraftLocator@62fee9c3
[15:09:06] [main/INFO] (ModDiscoverer) Found mod file mclanguage-1.20.1-47.3.0.jar of type LANGPROVIDER with provider net.minecraftforge.fml.loading.moddiscovery.MinecraftLocator@62fee9c3
[15:09:06] [main/INFO] (ModDiscoverer) Found mod file fmlcore-1.20.1-47.3.0.jar of type LIBRARY with provider net.minecraftforge.fml.loading.moddiscovery.MinecraftLocator@62fee9c3
[15:09:06] [main/INFO] (ModDiscoverer) Found mod file forge-1.20.1-47.3.0-minecraft-merged-1.20.1-loom.mappings.1_20_1.layered+hash.40359-v2-forge-1.20.1-47.3.0.jar of type MOD with provider net.minecraftforge.fml.loading.moddiscovery.MinecraftLocator@62fee9c3
[15:09:06] [main/INFO] (ModDiscoverer) Found mod file main of type MOD with provider net.minecraftforge.fml.loading.moddiscovery.MinecraftLocator@62fee9c3
[15:09:06] [main/INFO] (ModDiscoverer) Found mod file  of type MOD with provider net.minecraftforge.fml.loading.moddiscovery.MinecraftLocator@62fee9c3
[15:09:06] [main/INFO] (ModDiscoverer) Found mod file create-1.20.1-6.0.8-1d686d787edb.jar of type MOD with provider net.minecraftforge.fml.loading.moddiscovery.ClasspathLocator@16337c8e
[15:09:06] [main/INFO] (ModDiscoverer) Found mod file createaddition-1.20.1-1.3.3-9bf3ae15d86e.jar of type MOD with provider net.minecraftforge.fml.loading.moddiscovery.ClasspathLocator@16337c8e
[15:09:06] [main/INFO] (ModDiscoverer) Found mod file flywheel-forge-1.20.1-1.0.5-316ca250f192.jar of type MOD with provider net.minecraftforge.fml.loading.moddiscovery.ClasspathLocator@16337c8e
[15:09:06] [main/INFO] (ModDiscoverer) Found mod file mixinextras-forge-0.4.1-1fe0e0e295bc.jar of type GAMELIBRARY with provider net.minecraftforge.fml.loading.moddiscovery.ClasspathLocator@16337c8e
[15:09:06] [main/INFO] (ModDiscoverer) Found mod file Ponder-Forge-1.20.1-1.0.91-86e6b64372ab.jar of type MOD with provider net.minecraftforge.fml.loading.moddiscovery.ClasspathLocator@16337c8e
[15:09:06] [main/INFO] (ModDiscoverer) Found mod file projecte-1.20.1-PE1.0.1-f51f387e5630.jar of type MOD with provider net.minecraftforge.fml.loading.moddiscovery.ClasspathLocator@16337c8e
[15:09:06] [main/INFO] (ModDiscoverer) Found mod file teamprojecte-1.20.1-1.1.4-d5614fe84c52.jar of type MOD with provider net.minecraftforge.fml.loading.moddiscovery.ClasspathLocator@16337c8e
[15:09:06] [main/INFO] (ModDiscoverer) Found mod file architectury-forge-9.2.14.jar of type MOD with provider net.minecraftforge.fml.loading.moddiscovery.ClasspathLocator@16337c8e
[15:09:06] [main/INFO] (ModDiscoverer) Found mod file 16473589559711717765.jar of type MOD with provider net.minecraftforge.fml.loading.moddiscovery.ClasspathLocator@16337c8e
[15:09:06] [main/INFO] (ModDiscoverer) Found mod file create-1.20.1-6.0.8-1d686d787edb.jar of type MOD with provider net.minecraftforge.fml.loading.moddiscovery.ClasspathLocator@16337c8e
[15:09:06] [main/INFO] (ModDiscoverer) Found mod file createaddition-1.20.1-1.3.3-9bf3ae15d86e.jar of type MOD with provider net.minecraftforge.fml.loading.moddiscovery.ClasspathLocator@16337c8e
[15:09:06] [main/INFO] (ModDiscoverer) Found mod file flywheel-forge-1.20.1-1.0.5-316ca250f192.jar of type MOD with provider net.minecraftforge.fml.loading.moddiscovery.ClasspathLocator@16337c8e
[15:09:06] [main/INFO] (ModDiscoverer) Found mod file mixinextras-forge-0.4.1-1fe0e0e295bc.jar of type GAMELIBRARY with provider net.minecraftforge.fml.loading.moddiscovery.ClasspathLocator@16337c8e
[15:09:06] [main/INFO] (ModDiscoverer) Found mod file Ponder-Forge-1.20.1-1.0.91-86e6b64372ab.jar of type MOD with provider net.minecraftforge.fml.loading.moddiscovery.ClasspathLocator@16337c8e
[15:09:06] [main/INFO] (ModDiscoverer) Found mod file projecte-1.20.1-PE1.0.1-f51f387e5630.jar of type MOD with provider net.minecraftforge.fml.loading.moddiscovery.ClasspathLocator@16337c8e
[15:09:06] [main/INFO] (ModDiscoverer) Found mod file Registrate-MC1.20-1.3.3-226862d4638b.jar of type GAMELIBRARY with provider net.minecraftforge.fml.loading.moddiscovery.ClasspathLocator@16337c8e
[15:09:06] [main/INFO] (ModDiscoverer) Found mod file teamprojecte-1.20.1-1.1.4-d5614fe84c52.jar of type MOD with provider net.minecraftforge.fml.loading.moddiscovery.ClasspathLocator@16337c8e
[15:09:06] [main/INFO] (ModDiscoverer) Found mod file architectury-forge-9.2.14.jar of type MOD with provider net.minecraftforge.fml.loading.moddiscovery.ClasspathLocator@16337c8e
[15:09:06] [main/INFO] (ModDiscoverer) Found mod file 16473589559711717765.jar of type MOD with provider net.minecraftforge.fml.loading.moddiscovery.ClasspathLocator@16337c8e
[15:09:06] [main/INFO] (JarInJarDependencyLocator) No dependencies to load found. Skipping!
[15:09:07] [main/INFO] (mixin) Compatibility level set to JAVA_17
[15:09:07] [main/INFO] (LaunchServiceHandler) Launching target 'forgeclientuserdev' with arguments [--version, MOD_DEV, --gameDir, ., --assetsDir, C:\Users\MECHREVO\.gradle\caches\fabric-loom\assets, --assetIndex, 1.20.1-5, --username, Player1]
[15:09:07] [main/WARN] (mixin) Reference map 'fetoemc-refmap.json' for fetoemc.mixins.json could not be read. If this is a development environment you can ignore this message
[15:09:07] [main/INFO] (mixin) Remapping refMap teamprojecte.refmap.json using RemapperChain (Architectury Patched)
[15:09:07] [main/INFO] (unprotect) Found 7423 Minecraft classes
